09:33:43 **** Incremental Build of configuration Debug for project VXL_LAB1 ****
make -j4 all 
arm-none-eabi-gcc "../Core/Src/main.c" -mcpu=cortex-m3 -std=gnu11 -g3 -DDEBUG -DUSE_HAL_DRIVER -DSTM32F103x6 -c -I../Core/Inc -I../Drivers/STM32F1xx_HAL_Driver/Inc -I../Drivers/STM32F1xx_HAL_Driver/Inc/Legacy -I../Drivers/CMSIS/Device/ST/STM32F1xx/Include -I../Drivers/CMSIS/Include -O0 -ffunction-sections -fdata-sections -Wall -fstack-usage -MMD -MP -MF"Core/Src/main.d" -MT"Core/Src/main.o" --specs=nano.specs -mfloat-abi=soft -mthumb -o "Core/Src/main.o"
arm-none-eabi-gcc -o "VXL_LAB1.elf" @"objects.list"   -mcpu=cortex-m3 -T"D:\LAB_VXL\VXL_LAB1\STM32F103C6UX_FLASH.ld" --specs=nosys.specs -Wl,-Map="VXL_LAB1.map" -Wl,--gc-sections -static --specs=nano.specs -mfloat-abi=soft -mthumb -Wl,--start-group -lc -lm -Wl,--end-group
Finished building target: VXL_LAB1.elf
 
arm-none-eabi-size   VXL_LAB1.elf 
arm-none-eabi-objdump -h -S  VXL_LAB1.elf  > "VXL_LAB1.list"
arm-none-eabi-objcopy  -O ihex  VXL_LAB1.elf  "VXL_LAB1.hex"
arm-none-eabi-objcopy  -O binary  VXL_LAB1.elf  "VXL_LAB1.bin"
   text	   data	    bss	    dec	    hex	filename
   5032	     32	   1568	   6632	   19e8	VXL_LAB1.elf
Finished building: default.size.stdout
 
Finished building: VXL_LAB1.hex
Finished building: VXL_LAB1.bin
Finished building: VXL_LAB1.list
 
 
 
