13:13:17 **** Incremental Build of configuration Debug for project VXL_LAB2 ****
make -j4 all 
arm-none-eabi-gcc "../Core/Src/main.c" -mcpu=cortex-m3 -std=gnu11 -g3 -DDEBUG -DUSE_HAL_DRIVER -DSTM32F103x6 -c -I../Core/Inc -I../Drivers/STM32F1xx_HAL_Driver/Inc -I../Drivers/STM32F1xx_HAL_Driver/Inc/Legacy -I../Drivers/CMSIS/Device/ST/STM32F1xx/Include -I../Drivers/CMSIS/Include -O0 -ffunction-sections -fdata-sections -Wall -fstack-usage -MMD -MP -MF"Core/Src/main.d" -MT"Core/Src/main.o" --specs=nano.specs -mfloat-abi=soft -mthumb -o "Core/Src/main.o"
arm-none-eabi-gcc -o "VXL_LAB2.elf" @"objects.list"   -mcpu=cortex-m3 -T"D:\LAB_VXL\VXL_LAB2\STM32F103C6UX_FLASH.ld" --specs=nosys.specs -Wl,-Map="VXL_LAB2.map" -Wl,--gc-sections -static --specs=nano.specs -mfloat-abi=soft -mthumb -Wl,--start-group -lc -lm -Wl,--end-group
Finished building target: VXL_LAB2.elf
 
arm-none-eabi-size   VXL_LAB2.elf 
arm-none-eabi-objdump -h -S  VXL_LAB2.elf  > "VXL_LAB2.list"
arm-none-eabi-objcopy  -O ihex  VXL_LAB2.elf  "VXL_LAB2.hex"
arm-none-eabi-objcopy  -O binary  VXL_LAB2.elf  "VXL_LAB2.bin"
   text	   data	    bss	    dec	    hex	filename
   7096	     24	   1648	   8768	   2240	VXL_LAB2.elf
Finished building: default.size.stdout
 
Finished building: VXL_LAB2.bin
Finished building: VXL_LAB2.hex
Finished building: VXL_LAB2.list
 
 
 
